[www.devjoker.com/gru/Tutorial-Transact-SQL/TSQL/Tutorial-Transact-SQL.html]
[backblue.gif]
[fade.gif]
[index.html]
[www.devjoker.com/App_Themes/normal/colorbox.css]
[www.devjoker.com/App_Themes/normal/jquery.lightbox-0.5.css]
[www.devjoker.com/App_Themes/normal/lavalamp.css]
[www.devjoker.com/App_Themes/normal/normal.css]
[www.devjoker.com/App_Themes/normal/oldsite.css]
[www.devjoker.com/App_Themes/normal/rater.css]
[www.devjoker.com/App_Themes/normal/tipTip.css]
[www.devjoker.com/js/lib/jquery-lib.js]
[www.devjoker.com/js/lavalamp/jquery.easing.min.js]
[www.devjoker.com/js/lavalamp/jquery.lavalamp.min.js]
[www.devjoker.com/js/lightbox/jquery.lightbox-0.5.min.js]
[www.devjoker.com/js/colorbox/jquery.colorbox.js]
[www.devjoker.com/js/rater/jquery.rater.packed.js]
[www.devjoker.com/js/tipTip/jquery.tipTip.js]
[www.devjoker.com/js/comportamientos.js]
[www.devjoker.com/js/tagcanvas/jquery.tagcanvas.min.js]
[connect.facebook.net/es_ES/all.js]
[www.devjoker.com/images/feeds.png]
[www.devjoker.com/images/aldeamedia.jpg]
[www.devjoker.com/images/geeks.gif]
[www.devjoker.com/images/Mnug.jpg]
[www.devjoker.com/images/LOGO4_Onglases.jpg]
[www.devjoker.com/images/logoClikear.jpg]
[www.devjoker.com/images/lwplogo.gif]
[www.devjoker.com/images/el_guille_logo.gif]
[www.devjoker.com/images/PoweredByAsp.GIF]
[pagead2.googlesyndication.com/pagead/show_ads.js]
[www.devjoker.com/gru/Tutorial-Transact-SQL/TSQL/mapaweb.html]
[www.devjoker.com/gru/Tutorial-Transact-SQL/TSQL/Tutorial-Transact-SQL.html]
[www.devjoker.com/App_Themes/normal/images/controls.png]
[www.devjoker.com/App_Themes/normal/images/border.png]
[www.devjoker.com/App_Themes/normal/images/loading_background.png]
[www.devjoker.com/App_Themes/normal/images/loading.gif]
[www.devjoker.com/App_Themes/normal/colorbox.css]
[www.devjoker.com/App_Themes/normal/jquery.lightbox-0.5.css]
[www.devjoker.com/App_Themes/normal/images/home.png]
[www.devjoker.com/App_Themes/normal/images/djk.png]
[www.devjoker.com/App_Themes/normal/images/mail.png]
[www.devjoker.com/App_Themes/normal/lavalamp.css]
[www.devjoker.com/App_Themes/normal/images/bodybg.jpg]
[www.devjoker.com/App_Themes/normal/images/djkcabecera.jpg]
[www.devjoker.com/App_Themes/normal/images/menubg.jpg]
[www.devjoker.com/App_Themes/normal/images/fecha-background.jpg]
[www.devjoker.com/App_Themes/normal/images/lomasnuevo-body-item-contenido-background.jpg]
[www.devjoker.com/App_Themes/normal/images/print.gif]
[www.devjoker.com/App_Themes/normal/images/user_comment.png]
[www.devjoker.com/App_Themes/normal/images/comment_add.png]
[www.devjoker.com/App_Themes/normal/images/respuesta_amarilla.gif]
[www.devjoker.com/App_Themes/normal/images/backgroundcomments.jpg]
[www.devjoker.com/App_Themes/normal/images/keyboard.jpg]
[www.devjoker.com/App_Themes/normal/images/comment.png]
[www.devjoker.com/App_Themes/normal/images/visits.png]
[www.devjoker.com/App_Themes/normal/images/menu_l_head.png]
[www.devjoker.com/App_Themes/normal/images/menu_l_body.png]
[www.devjoker.com/App_Themes/normal/images/flecha.gif]
[www.devjoker.com/App_Themes/normal/images/menu_l_foot.png]
[www.devjoker.com/App_Themes/normal/images/fondochipRojo.png]
[www.devjoker.com/App_Themes/normal/images/loading-mini.gif]
[www.devjoker.com/App_Themes/normal/images/cross-button.png]
[www.devjoker.com/App_Themes/normal/images/closedforum.png]
[www.devjoker.com/App_Themes/normal/images/rating0.png]
[www.devjoker.com/App_Themes/normal/images/rating1.png]
[www.devjoker.com/App_Themes/normal/images/rating2.png]
[www.devjoker.com/App_Themes/normal/images/rating3.png]
[www.devjoker.com/App_Themes/normal/images/rating4.png]
[www.devjoker.com/App_Themes/normal/images/rating5.png]
[www.devjoker.com/App_Themes/normal/images/error.png]
[www.devjoker.com/App_Themes/normal/images/sucess.png]
[www.devjoker.com/App_Themes/normal/images/calendar.png]
[www.devjoker.com/App_Themes/normal/normal.css]
[www.devjoker.com/App_Themes/normal/oldsite.css]
[www.devjoker.com/App_Themes/normal/images/star.gif]
[www.devjoker.com/App_Themes/normal/images/star_small.gif]
[www.devjoker.com/App_Themes/normal/rater.css]
[www.devjoker.com/App_Themes/normal/tipTip.css]
[www.devjoker.com/js/lib/jquery-lib.js]
[www.devjoker.com/js/lavalamp/jquery.easing.min.js]
[www.devjoker.com/js/lavalamp/jquery.lavalamp.min.js]
[www.devjoker.com/js/lightbox/jquery.lightbox-0.5.min.js]
[www.devjoker.com/js/colorbox/jquery.colorbox.js]
[www.devjoker.com/js/rater/jquery.rater.packed.js]
[www.devjoker.com/js/tipTip/jquery.tipTip.js]
[www.devjoker.com/js/comportamientos.js]
[www.devjoker.com/js/tagcanvas/jquery.tagcanvas.min.js]
[connect.facebook.net/es_ES/all.js]
[www.devjoker.com/gru/Tutorial-Transact-SQL/TSQL/mapaweb.html]
[www.devjoker.com/gru/Tutorial-Transact-SQL/TSQL/static/index.html]
