[backblue.gif]
[fade.gif]
[index.html]
[www.aulaclic.es/sql/comunes/logo_ac1_50.gif]
[www.aulaclic.es/sql/comunes/orangeBall.gif]
[www.aulaclic.es/sql/comunes/greenball.gif]
[www.aulaclic.es/sql/comunes/redball2.gif]
[www.aulaclic.es/gratis_estrella_roja_trans.gif]
[www.google.com/logos/Logo_25wht.gif]
[www.aulaclic.es/sql/comunes/flecha_av.gif]
[www.aulaclic.es/sql/index.htm]
[www.aulaclic.es/sql/f_rotulo2a.gif]
[www.aulaclic.es/sql/f_rotu_verde_osc.gif]
[www.aulaclic.es/sql/f_rotu_verde.gif]
[www.aulaclic.es/sql/f_rotu_azul_osc.gif]
[www.aulaclic.es/sql/f_rotu_azul.gif]
[www.aulaclic.es/sql/f_rotulo2b.gif]
[www.aulaclic.es/sql/estilo_sinf_osc.css]
[www.aulaclic.es/sql/comunes/ico_menos.gif]
[www.aulaclic.es/sql/graficos/tr_diagrama_sintactico.gif]
[www.aulaclic.es/sql/graficos/B_Nuevo_bd_Access.gif]
[www.aulaclic.es/sql/graficos/Nueva_consulta_Access.gif]
[www.aulaclic.es/sql/graficos/Mostrar_tablas_Access.gif]
[www.aulaclic.es/sql/graficos/botonsql.gif]
[www.aulaclic.es/sql/graficos/lista_vista.gif]
[www.aulaclic.es/sql/graficos/ventana_sql.gif]
[www.aulaclic.es/sql/graficos/Boton_ejecutar_Access.gif]
[www.aulaclic.es/sql/graficos/Boton_Guardar.gif]
[www.aulaclic.es/sql/comunes/flecha_re.gif]
[www.aulaclic.es/sql/comunes/flecha_home.gif]
[www.aulaclic.es/sql/t_1_1.htm]
[www.aulaclic.es/js/sqlmenu_osc.js]
[www.aulaclic.es/js/menu8_com.js]
[www.aulaclic.es/sql/Página inicial.html]
[pagead2.googlesyndication.com/pagead/show_ads.html]
[www.aulaclic.es/sql/comunes/ico_home.gif]
[www.aulaclic.es/sql/comunes/ico_ayuda.gif]
[www.aulaclic.es/sql/comunes/ico_mas.gif]
[www.aulaclic.es/sql/comunes/redBall2-2.gif]
[www.aulaclic.es/sql/informacion.htm]
[www.aulaclic.es/sql/graficos/tr_select_simple2.gif]
[www.aulaclic.es/sql/graficos/espe_tabla.gif]
[www.aulaclic.es/sql/graficos/tr_lista_seleccion.gif]
[www.aulaclic.es/sql/t_2_1.htm]
[www.aulaclic.es/sql/graficos/ejemplo_union.gif]
[www.aulaclic.es/sql/graficos/ejemplo_composicion.gif]
[www.aulaclic.es/sql/graficos/op_composicion.gif]
[www.aulaclic.es/sql/t_3_1.htm]
[www.aulaclic.es/sql/graficos/ejem_sumaria.gif]
[www.aulaclic.es/sql/graficos/select_resumen.gif]
[www.aulaclic.es/sql/graficos/funciones_col.gif]
[www.aulaclic.es/sql/orangeBall.gif]
[www.aulaclic.es/sql/graficos/tabla1.gif]
[www.aulaclic.es/sql/graficos/media_tabla1.gif]
[www.aulaclic.es/sql/graficos/tabla2.gif]
[www.aulaclic.es/sql/graficos/media_tabla2.gif]
[www.aulaclic.es/sql/t_4_1.htm]
[www.aulaclic.es/sql/t_5_1.htm]
[www.aulaclic.es/sql/graficos/insert_values.gif]
[www.aulaclic.es/sql/t_6_1.htm]
[www.aulaclic.es/sql/graficos/ej_cruzada_sin.gif]
[www.aulaclic.es/sql/graficos/ej_cruzada_mes.gif]
[www.aulaclic.es/sql/graficos/transform.gif]
[www.aulaclic.es/sql/t_7_1.htm]
[www.aulaclic.es/sql/graficos/create_table.gif]
[www.aulaclic.es/sql/graficos/restriccion1.gif]
[www.aulaclic.es/sql/t_8_1.htm]
[www.aulaclic.es/sql/comunes/orangeball-2.gif]
[www.aulaclic.es/sql/comunes/carrito-small.gif]
[www.aulaclic.es/sql/curso_pago.htm]
[www.aulaclic.es/sql/graficos/empleados.gif]
[www.aulaclic.es/sql/graficos/oficinas.gif]
[www.aulaclic.es/sql/graficos/clientes.gif]
[www.aulaclic.es/sql/graficos/productos.gif]
[www.aulaclic.es/sql/graficos/pedidos.gif]
[www.aulaclic.es/sql/t_1_2.htm]
[www.aulaclic.es/sql/b_1_1_1.htm]
[www.aulaclic.es/sql/graficos/tr_orderby.gif]
[www.aulaclic.es/sql/t_2_2.htm]
[www.aulaclic.es/sql/graficos/tr_distinct.gif]
[www.aulaclic.es/sql/graficos/tr_where.gif]
[www.aulaclic.es/sql/t_2_3.htm]
[www.aulaclic.es/sql/graficos/tr_test_comparacion.gif]
[www.aulaclic.es/sql/graficos/tr_between.gif]
[www.aulaclic.es/sql/graficos/tr_pertenencia.gif]
[www.aulaclic.es/sql/graficos/tr_null.gif]
[www.aulaclic.es/sql/graficos/tr_like.gif]
[www.aulaclic.es/sql/t_2_4.htm]
[www.aulaclic.es/sql/comunes/greenBall-2.gif]
[www.aulaclic.es/sql/b_2_1_1.htm]
[www.aulaclic.es/sql/b_2_3_1.htm]
[www.aulaclic.es/sql/graficos/option_compare.gif]
[www.aulaclic.es/sql/a_2_4_1.htm]
[www.aulaclic.es/sql/graficos/tr_union.gif]
[www.aulaclic.es/sql/t_3_2.htm]
[www.aulaclic.es/sql/graficos/tr_producto_cartesiano.gif]
[www.aulaclic.es/sql/graficos/ej_composicion.gif]
[www.aulaclic.es/sql/t_3_3.htm]
[www.aulaclic.es/sql/graficos/inner.gif]
[www.aulaclic.es/sql/t_3_4.htm]
[www.aulaclic.es/sql/graficos/left.gif]
[www.aulaclic.es/sql/graficos/right.gif]
[www.aulaclic.es/sql/graficos/resumen_multitabla.gif]
[www.aulaclic.es/sql/t_3_5.htm]
[www.aulaclic.es/sql/graficos/groupby.gif]
[www.aulaclic.es/sql/graficos/having.gif]
[www.aulaclic.es/sql/t_4_2.htm]
[www.aulaclic.es/sql/graficos/comparacion_subconsulta.gif]
[www.aulaclic.es/sql/graficos/comparacion_cuantificada.gif]
[www.aulaclic.es/sql/graficos/in_subconsulta.gif]
[www.aulaclic.es/sql/graficos/existencia.gif]
[www.aulaclic.es/sql/t_5_2.htm]
[www.aulaclic.es/sql/graficos/insert_select.gif]
[www.aulaclic.es/sql/t_6_2.htm]
[www.aulaclic.es/sql/graficos/select_into.gif]
[www.aulaclic.es/sql/t_6_3.htm]
[www.aulaclic.es/sql/graficos/update.gif]
[www.aulaclic.es/sql/t_6_4.htm]
[www.aulaclic.es/sql/graficos/delete.gif]
[www.aulaclic.es/sql/t_6_5.htm]
[www.aulaclic.es/sql/graficos/relacion.gif]
[www.aulaclic.es/sql/graficos/relacion2.gif]
[www.aulaclic.es/sql/b_6_1_1.htm]
[www.aulaclic.es/sql/graficos/ej_cruzada_solo.gif]
[www.aulaclic.es/sql/graficos/ej_cruzada_todos.gif]
[www.aulaclic.es/sql/graficos/ej_cruzada_orden.gif]
[www.aulaclic.es/sql/graficos/ej_cruzada_fijas.gif]
[www.aulaclic.es/sql/graficos/resumen_cruzada_trans.gif]
[www.aulaclic.es/sql/t_7_2.htm]
[www.aulaclic.es/sql/graficos/restriccion2.gif]
[www.aulaclic.es/sql/t_8_2.htm]
[www.aulaclic.es/sql/graficos/alter_table.gif]
[www.aulaclic.es/sql/t_8_3.htm]
[www.aulaclic.es/sql/graficos/drop_table.gif]
[www.aulaclic.es/sql/graficos/create_index.gif]
[www.aulaclic.es/sql/graficos/drop_index.gif]
[www.aulaclic.es/sql/t_8_4.htm]
[www.aulaclic.es/sql/b_8_1_1.htm]
[www.aulaclic.es/sql/b_8_4_1.htm]
[www.aulaclic.es/sql/a_8_1_1.htm]
[www.aulaclic.es/sql/epr_2_1.htm]
[www.aulaclic.es/sql/epr_3_1.htm]
[www.aulaclic.es/sql/epr_4_1.htm]
[www.aulaclic.es/sql/epr_5_1.htm]
[www.aulaclic.es/sql/epr_6_1.htm]
[www.aulaclic.es/sql/epr_7_1.htm]
[www.aulaclic.es/sql/epr_8_1.htm]
[www.aulaclic.es/sql/a_3_1_1.htm]
[www.aulaclic.es/sql/b_6_4_1.htm]
[www.aulaclic.es/sql/b_6_5_1.htm]
[www.aulaclic.es/sql/b_8_2_1.htm]
[www.aulaclic.es/sql/spr_2_1_1.htm]
[www.aulaclic.es/sql/spr_3_1_1.htm]
[www.aulaclic.es/sql/spr_4_1_1.htm]
[www.aulaclic.es/sql/spr_5_1_1.htm]
[www.aulaclic.es/sql/spr_6_1_1.htm]
[www.aulaclic.es/sql/spr_7_1_1.htm]
[www.aulaclic.es/sql/spr_8_1_1.htm]
